1. Script called twice